Archive member included to satisfy reference by file (symbol)

libmhc-gen-sysinit.a(initialization.c.obj)
                              CMakeFiles/Blinky.dir/src/main.c.obj (SYS_Initialize)
libmhc-gen-plib.a(plib_clk.c.obj)
                              libmhc-gen-sysinit.a(initialization.c.obj) (CLOCK_Initialize)
libmhc-gen-plib.a(plib_efc.c.obj)
                              libmhc-gen-sysinit.a(initialization.c.obj) (EFC_Initialize)
libmhc-gen-plib.a(plib_nvic.c.obj)
                              libmhc-gen-sysinit.a(initialization.c.obj) (NVIC_Initialize)
libmhc-gen-plib.a(plib_pio.c.obj)
                              libmhc-gen-sysinit.a(initialization.c.obj) (PIO_Initialize)
libmhc-gen-plib.a(plib_systick.c.obj)
                              libmhc-gen-sysinit.a(initialization.c.obj) (SYSTICK_TimerInitialize)
c:/progra~2/gnuarm~1/102021~1.10/bin/../lib/gcc/arm-none-eabi/10.3.1/../../../../arm-none-eabi/lib/thumb/v7e-m/nofp\libg.a(lib_a-exit.o)
                              c:/progra~2/gnuarm~1/102021~1.10/bin/../lib/gcc/arm-none-eabi/10.3.1/../../../../arm-none-eabi/lib/thumb/v7e-m/nofp/crt0.o (exit)
c:/progra~2/gnuarm~1/102021~1.10/bin/../lib/gcc/arm-none-eabi/10.3.1/../../../../arm-none-eabi/lib/thumb/v7e-m/nofp\libg.a(lib_a-impure.o)
                              c:/progra~2/gnuarm~1/102021~1.10/bin/../lib/gcc/arm-none-eabi/10.3.1/../../../../arm-none-eabi/lib/thumb/v7e-m/nofp\libg.a(lib_a-exit.o) (_global_impure_ptr)
c:/progra~2/gnuarm~1/102021~1.10/bin/../lib/gcc/arm-none-eabi/10.3.1/../../../../arm-none-eabi/lib/thumb/v7e-m/nofp\libg.a(lib_a-init.o)
                              c:/progra~2/gnuarm~1/102021~1.10/bin/../lib/gcc/arm-none-eabi/10.3.1/../../../../arm-none-eabi/lib/thumb/v7e-m/nofp/crt0.o (__libc_init_array)
c:/progra~2/gnuarm~1/102021~1.10/bin/../lib/gcc/arm-none-eabi/10.3.1/../../../../arm-none-eabi/lib/thumb/v7e-m/nofp\libg.a(lib_a-memcpy.o)
                              libmhc-gen-plib.a(plib_efc.c.obj) (memcpy)
c:/progra~2/gnuarm~1/102021~1.10/bin/../lib/gcc/arm-none-eabi/10.3.1/../../../../arm-none-eabi/lib/thumb/v7e-m/nofp\libg.a(lib_a-memset.o)
                              c:/progra~2/gnuarm~1/102021~1.10/bin/../lib/gcc/arm-none-eabi/10.3.1/../../../../arm-none-eabi/lib/thumb/v7e-m/nofp/crt0.o (memset)
c:/progra~2/gnuarm~1/102021~1.10/bin/../lib/gcc/arm-none-eabi/10.3.1/../../../../arm-none-eabi/lib/thumb/v7e-m/nofp\libg.a(lib_a-__call_atexit.o)
                              c:/progra~2/gnuarm~1/102021~1.10/bin/../lib/gcc/arm-none-eabi/10.3.1/../../../../arm-none-eabi/lib/thumb/v7e-m/nofp\libg.a(lib_a-exit.o) (__call_exitprocs)
c:/progra~2/gnuarm~1/102021~1.10/bin/../lib/gcc/arm-none-eabi/10.3.1/../../../../arm-none-eabi/lib/thumb/v7e-m/nofp\libg.a(lib_a-atexit.o)
                              c:/progra~2/gnuarm~1/102021~1.10/bin/../lib/gcc/arm-none-eabi/10.3.1/../../../../arm-none-eabi/lib/thumb/v7e-m/nofp\libg.a(lib_a-__call_atexit.o) (atexit)
c:/progra~2/gnuarm~1/102021~1.10/bin/../lib/gcc/arm-none-eabi/10.3.1/../../../../arm-none-eabi/lib/thumb/v7e-m/nofp\libg.a(lib_a-fini.o)
                              c:/progra~2/gnuarm~1/102021~1.10/bin/../lib/gcc/arm-none-eabi/10.3.1/../../../../arm-none-eabi/lib/thumb/v7e-m/nofp\libg.a(lib_a-__call_atexit.o) (__libc_fini_array)
c:/progra~2/gnuarm~1/102021~1.10/bin/../lib/gcc/arm-none-eabi/10.3.1/../../../../arm-none-eabi/lib/thumb/v7e-m/nofp\libg.a(lib_a-lock.o)
                              c:/progra~2/gnuarm~1/102021~1.10/bin/../lib/gcc/arm-none-eabi/10.3.1/../../../../arm-none-eabi/lib/thumb/v7e-m/nofp\libg.a(lib_a-__call_atexit.o) (__retarget_lock_acquire_recursive)
c:/progra~2/gnuarm~1/102021~1.10/bin/../lib/gcc/arm-none-eabi/10.3.1/../../../../arm-none-eabi/lib/thumb/v7e-m/nofp\libg.a(lib_a-__atexit.o)
                              c:/progra~2/gnuarm~1/102021~1.10/bin/../lib/gcc/arm-none-eabi/10.3.1/../../../../arm-none-eabi/lib/thumb/v7e-m/nofp\libg.a(lib_a-atexit.o) (__register_exitproc)
c:/progra~2/gnuarm~1/102021~1.10/bin/../lib/gcc/arm-none-eabi/10.3.1/../../../../arm-none-eabi/lib/thumb/v7e-m/nofp\libnosys.a(_exit.o)
                              c:/progra~2/gnuarm~1/102021~1.10/bin/../lib/gcc/arm-none-eabi/10.3.1/../../../../arm-none-eabi/lib/thumb/v7e-m/nofp\libg.a(lib_a-exit.o) (_exit)

Discarded input sections

 .group         0x00000000        0xc CMakeFiles/Blinky.dir/src/main.c.obj
 .group         0x00000000        0xc CMakeFiles/Blinky.dir/src/main.c.obj
 .group         0x00000000        0xc CMakeFiles/Blinky.dir/src/main.c.obj
 .group         0x00000000        0xc CMakeFiles/Blinky.dir/src/main.c.obj
 .group         0x00000000        0xc CMakeFiles/Blinky.dir/src/main.c.obj
 .group         0x00000000        0xc CMakeFiles/Blinky.dir/src/main.c.obj
 .group         0x00000000        0xc CMakeFiles/Blinky.dir/src/main.c.obj
 .group         0x00000000        0xc CMakeFiles/Blinky.dir/src/main.c.obj
 .group         0x00000000        0xc CMakeFiles/Blinky.dir/src/main.c.obj
[...]
Memory Configuration

Name             Origin             Length             Attributes
rom              0x00400000         0x00200000         xr
ram              0x20400000         0x00060000         xrw
*default*        0x00000000         0xffffffff

Linker script and memory map

LOAD c:/progra~2/gnuarm~1/102021~1.10/bin/../lib/gcc/arm-none-eabi/10.3.1/thumb/v7e-m/nofp/crti.o
LOAD c:/progra~2/gnuarm~1/102021~1.10/bin/../lib/gcc/arm-none-eabi/10.3.1/thumb/v7e-m/nofp/crtbegin.o
LOAD c:/progra~2/gnuarm~1/102021~1.10/bin/../lib/gcc/arm-none-eabi/10.3.1/../../../../arm-none-eabi/lib/thumb/v7e-m/nofp/crt0.o
                0x20400434                __bss_start__ = _sbss
                0x20400484                __bss_end__ = _ebss
                0x20400488                end = _sheap
LOAD CMakeFiles/Blinky.dir/src/main.c.obj
LOAD libmhc-gen-sysinit.a
LOAD libmhc-gen-plib.a
LOAD C:/Users/iliaz/.conan2/p/b/samv7b0965e3ee186d/p/lib/startup_samv71q21b.c.obj
START GROUP
LOAD c:/progra~2/gnuarm~1/102021~1.10/bin/../lib/gcc/arm-none-eabi/10.3.1/thumb/v7e-m/nofp\libgcc.a
LOAD c:/progra~2/gnuarm~1/102021~1.10/bin/../lib/gcc/arm-none-eabi/10.3.1/../../../../arm-none-eabi/lib/thumb/v7e-m/nofp\libg.a
LOAD c:/progra~2/gnuarm~1/102021~1.10/bin/../lib/gcc/arm-none-eabi/10.3.1/../../../../arm-none-eabi/lib/thumb/v7e-m/nofp\libc.a
END GROUP
START GROUP
LOAD c:/progra~2/gnuarm~1/102021~1.10/bin/../lib/gcc/arm-none-eabi/10.3.1/thumb/v7e-m/nofp\libgcc.a
LOAD c:/progra~2/gnuarm~1/102021~1.10/bin/../lib/gcc/arm-none-eabi/10.3.1/../../../../arm-none-eabi/lib/thumb/v7e-m/nofp\libc.a
LOAD c:/progra~2/gnuarm~1/102021~1.10/bin/../lib/gcc/arm-none-eabi/10.3.1/../../../../arm-none-eabi/lib/thumb/v7e-m/nofp\libnosys.a
END GROUP
LOAD c:/progra~2/gnuarm~1/102021~1.10/bin/../lib/gcc/arm-none-eabi/10.3.1/thumb/v7e-m/nofp/crtend.o
LOAD c:/progra~2/gnuarm~1/102021~1.10/bin/../lib/gcc/arm-none-eabi/10.3.1/thumb/v7e-m/nofp/crtn.o
                0x00400000                ROM_ORIGIN = DEFINED (ROM_ORIGIN)?ROM_ORIGIN:0x400000
                0x00200000                ROM_LENGTH = DEFINED (ROM_LENGTH)?ROM_LENGTH:0x200000
                0x20400000                RAM_ORIGIN = DEFINED (RAM_ORIGIN)?RAM_ORIGIN:0x20400000
                0x00060000                RAM_LENGTH = DEFINED (RAM_LENGTH)?RAM_LENGTH:0x60000
                0x00000400                STACK_SIZE = DEFINED (STACK_SIZE)?STACK_SIZE:DEFINED (__stack_size__)?__stack_size__:0x400
                0x00000200                HEAP_SIZE = DEFINED (HEAP_SIZE)?HEAP_SIZE:DEFINED (__heap_size__)?__heap_size__:0x200

.text           0x00400000      0xcb0
                0x00400000                . = ALIGN (0x4)
                0x00400000                _sfixed = .
 *(.vectors .vectors.*)
 .vectors       0x00400000      0x168 C:/Users/iliaz/.conan2/p/b/samv7b0965e3ee186d/p/lib/startup_samv71q21b.c.obj
                0x00400000                exception_table
 *(.text .text.* .gnu.linkonce.t.*)
 .text          0x00400168        0x0 c:/progra~2/gnuarm~1/102021~1.10/bin/../lib/gcc/arm-none-eabi/10.3.1/thumb/v7e-m/nofp/crti.o
 .text          0x00400168       0x40 c:/progra~2/gnuarm~1/102021~1.10/bin/../lib/gcc/arm-none-eabi/10.3.1/thumb/v7e-m/nofp/crtbegin.o
 .text          0x004001a8       0x7c c:/progra~2/gnuarm~1/102021~1.10/bin/../lib/gcc/arm-none-eabi/10.3.1/../../../../arm-none-eabi/lib/thumb/v7e-m/nofp/crt0.o
                0x004001a8                _stack_init
                0x004001b0                _start
                0x004001b0                _mainCRTStartup
 .text          0x00400224       0x38 CMakeFiles/Blinky.dir/src/main.c.obj
                0x00400224                main
 .text          0x0040025c       0x2c libmhc-gen-sysinit.a(initialization.c.obj)
                0x0040025c                SYS_Initialize
 .text          0x00400288       0x80 libmhc-gen-plib.a(plib_clk.c.obj)
                0x004002f0                CLOCK_Initialize
 .text          0x00400308      0x1e4 libmhc-gen-plib.a(plib_efc.c.obj)
                0x00400308                EFC_Initialize
                0x00400318                EFC_Read
                0x00400328                EFC_SectorErase
                0x00400354                EFC_PageBufferWrite
                0x00400388                EFC_PageBufferCommit
                0x004003c0                EFC_PageWrite
                0x0040041c                EFC_QuadWordWrite
                0x0040045c                EFC_RegionLock
                0x00400488                EFC_RegionUnlock
                0x004004b4                EFC_IsBusy
                0x004004d4                EFC_ErrorGet
 .text          0x004004ec       0x70 libmhc-gen-plib.a(plib_nvic.c.obj)
                0x004004ec                NVIC_Initialize
                0x00400530                NVIC_INT_Enable
                0x00400538                NVIC_INT_Disable
                0x0040054a                NVIC_INT_Restore
 .text          0x0040055c       0xd4 libmhc-gen-plib.a(plib_pio.c.obj)
                0x0040055c                PIO_Initialize
                0x00400604                PIO_PortRead
                0x00400608                PIO_PortWrite
                0x00400614                PIO_PortLatchRead
                0x00400618                PIO_PortSet
                0x0040061c                PIO_PortClear
                0x00400620                PIO_PortToggle
                0x00400628                PIO_PortInputEnable
                0x0040062c                PIO_PortOutputEnable
 .text          0x00400630      0x194 libmhc-gen-plib.a(plib_systick.c.obj)
                0x00400630                SYSTICK_TimerInitialize
                0x00400654                SYSTICK_TimerRestart
                0x0040066e                SYSTICK_TimerStart
                0x00400680                SYSTICK_TimerStop
                0x0040068e                SYSTICK_TimerPeriodSet
                0x00400698                SYSTICK_TimerPeriodGet
                0x004006a0                SYSTICK_TimerCounterGet
                0x004006a8                SYSTICK_TimerFrequencyGet
                0x004006b0                SYSTICK_DelayMs
                0x004006f8                SYSTICK_DelayUs
                0x0040073c                SYSTICK_GetTickCounter
                0x00400748                SYSTICK_StartTimeOut
                0x0040076c                SYSTICK_ResetTimeOut
                0x00400778                SYSTICK_IsTimeoutReached
                0x00400792                SYSTICK_TimerCallbackSet
                0x004007a0                SysTick_Handler
 .text          0x004007c4       0x74 C:/Users/iliaz/.conan2/p/b/samv7b0965e3ee186d/p/lib/startup_samv71q21b.c.obj
                0x004007c4                DACC_Handler
                0x004007c4                SVCall_Handler
                0x004007c4                TC0_CH2_Handler
                0x004007c4                TC3_CH1_Handler
                0x004007c4                UART3_Handler
                0x004007c4                UART2_Handler
                0x004007c4                TRNG_Handler
                0x004007c4                HardFault_Handler
                0x004007c4                AFEC1_Handler
                0x004007c4                PendSV_Handler
                0x004007c4                TC0_CH1_Handler
                0x004007c4                QSPI_Handler
                0x004007c4                NonMaskableInt_Handler
                0x004007c4                ISI_Handler
                0x004007c4                MCAN0_INT0_Handler
                0x004007c4                RSWDT_Handler
                0x004007c4                USART0_Handler
                0x004007c4                TC1_CH2_Handler
                0x004007c4                RTT_Handler
                0x004007c4                USBHS_Handler
                0x004007c4                IXC_Handler
                0x004007c4                CCF_Handler
                0x004007c4                PIOB_Handler
                0x004007c4                RTC_Handler
                0x004007c4                UsageFault_Handler
                0x004007c4                WDT_Handler
                0x004007c4                MCAN1_INT1_Handler
                0x004007c4                HSMCI_Handler
                0x004007c4                UART1_Handler
                0x004007c4                TWIHS0_Handler
                0x004007c4                Dummy_Handler
                0x004007c4                TWIHS1_Handler
                0x004007c4                TC3_CH2_Handler
                0x004007c4                XDMAC_Handler
                0x004007c4                UART4_Handler
                0x004007c4                TC2_CH0_Handler
                0x004007c4                PWM1_Handler
                0x004007c4                USART1_Handler
                0x004007c4                PWM0_Handler
                0x004007c4                PIOA_Handler
                0x004007c4                AFEC0_Handler
                0x004007c4                CCW_Handler
                0x004007c4                TC3_CH0_Handler
                0x004007c4                SSC_Handler
                0x004007c4                TC1_CH0_Handler
                0x004007c4                ACC_Handler
                0x004007c4                PMC_Handler
                0x004007c4                GMAC_Handler
                0x004007c4                TC2_CH2_Handler
                0x004007c4                MCAN0_INT1_Handler
                0x004007c4                GMAC_Q5_Handler
                0x004007c4                SUPC_Handler
                0x004007c4                TC2_CH1_Handler
                0x004007c4                MCAN1_INT0_Handler
                0x004007c4                EFC_Handler
                0x004007c4                GMAC_Q1_Handler
                0x004007c4                USART2_Handler
                0x004007c4                GMAC_Q2_Handler
                0x004007c4                PIOE_Handler
                0x004007c4                SPI1_Handler
                0x004007c4                TC1_CH1_Handler
                0x004007c4                GMAC_Q3_Handler
                0x004007c4                PIOD_Handler
                0x004007c4                TWIHS2_Handler
                0x004007c4                MLB_Handler
                0x004007c4                I2SC0_Handler
                0x004007c4                UART0_Handler
                0x004007c4                I2SC1_Handler
                0x004007c4                TC0_CH0_Handler
                0x004007c4                PIOC_Handler
                0x004007c4                GMAC_Q4_Handler
                0x004007c4                FPU_Handler
                0x004007c4                BusFault_Handler
                0x004007c4                RSTC_Handler
                0x004007c4                MemoryManagement_Handler
                0x004007c4                DebugMonitor_Handler
                0x004007c4                ICM_Handler
                0x004007c4                AES_Handler
                0x004007c4                SPI0_Handler
                0x004007c6                Reset_Handler
 .text          0x00400838        0x0 c:/progra~2/gnuarm~1/102021~1.10/bin/../lib/gcc/arm-none-eabi/10.3.1/../../../../arm-none-eabi/lib/thumb/v7e-m/nofp\libg.a(lib_a-exit.o)
 .text.exit     0x00400838       0x20 c:/progra~2/gnuarm~1/102021~1.10/bin/../lib/gcc/arm-none-eabi/10.3.1/../../../../arm-none-eabi/lib/thumb/v7e-m/nofp\libg.a(lib_a-exit.o)
                0x00400838                exit
 .text          0x00400858        0x0 c:/progra~2/gnuarm~1/102021~1.10/bin/../lib/gcc/arm-none-eabi/10.3.1/../../../../arm-none-eabi/lib/thumb/v7e-m/nofp\libg.a(lib_a-impure.o)
 .text          0x00400858        0x0 c:/progra~2/gnuarm~1/102021~1.10/bin/../lib/gcc/arm-none-eabi/10.3.1/../../../../arm-none-eabi/lib/thumb/v7e-m/nofp\libg.a(lib_a-init.o)
 .text.__libc_init_array
                0x00400858       0x48 c:/progra~2/gnuarm~1/102021~1.10/bin/../lib/gcc/arm-none-eabi/10.3.1/../../../../arm-none-eabi/lib/thumb/v7e-m/nofp\libg.a(lib_a-init.o)
                0x00400858                __libc_init_array
 .text          0x004008a0      0x134 c:/progra~2/gnuarm~1/102021~1.10/bin/../lib/gcc/arm-none-eabi/10.3.1/../../../../arm-none-eabi/lib/thumb/v7e-m/nofp\libg.a(lib_a-memcpy.o)
                0x004008a0                memcpy
 .text          0x004009d4        0x0 c:/progra~2/gnuarm~1/102021~1.10/bin/../lib/gcc/arm-none-eabi/10.3.1/../../../../arm-none-eabi/lib/thumb/v7e-m/nofp\libg.a(lib_a-memset.o)
 .text.memset   0x004009d4       0xa4 c:/progra~2/gnuarm~1/102021~1.10/bin/../lib/gcc/arm-none-eabi/10.3.1/../../../../arm-none-eabi/lib/thumb/v7e-m/nofp\libg.a(lib_a-memset.o)
                0x004009d4                memset
 .text          0x00400a78        0x0 c:/progra~2/gnuarm~1/102021~1.10/bin/../lib/gcc/arm-none-eabi/10.3.1/../../../../arm-none-eabi/lib/thumb/v7e-m/nofp\libg.a(lib_a-__call_atexit.o)
 .text.startup.register_fini
                0x00400a78       0x14 c:/progra~2/gnuarm~1/102021~1.10/bin/../lib/gcc/arm-none-eabi/10.3.1/../../../../arm-none-eabi/lib/thumb/v7e-m/nofp\libg.a(lib_a-__call_atexit.o)
 .text.__call_exitprocs
                0x00400a8c       0xc4 c:/progra~2/gnuarm~1/102021~1.10/bin/../lib/gcc/arm-none-eabi/10.3.1/../../../../arm-none-eabi/lib/thumb/v7e-m/nofp\libg.a(lib_a-__call_atexit.o)
                0x00400a8c                __call_exitprocs
 .text          0x00400b50        0x0 c:/progra~2/gnuarm~1/102021~1.10/bin/../lib/gcc/arm-none-eabi/10.3.1/../../../../arm-none-eabi/lib/thumb/v7e-m/nofp\libg.a(lib_a-atexit.o)
 .text.atexit   0x00400b50        0xc c:/progra~2/gnuarm~1/102021~1.10/bin/../lib/gcc/arm-none-eabi/10.3.1/../../../../arm-none-eabi/lib/thumb/v7e-m/nofp\libg.a(lib_a-atexit.o)
                0x00400b50                atexit
 .text          0x00400b5c        0x0 c:/progra~2/gnuarm~1/102021~1.10/bin/../lib/gcc/arm-none-eabi/10.3.1/../../../../arm-none-eabi/lib/thumb/v7e-m/nofp\libg.a(lib_a-fini.o)
 .text.__libc_fini_array
                0x00400b5c       0x2c c:/progra~2/gnuarm~1/102021~1.10/bin/../lib/gcc/arm-none-eabi/10.3.1/../../../../arm-none-eabi/lib/thumb/v7e-m/nofp\libg.a(lib_a-fini.o)
                0x00400b5c                __libc_fini_array
 .text          0x00400b88        0x0 c:/progra~2/gnuarm~1/102021~1.10/bin/../lib/gcc/arm-none-eabi/10.3.1/../../../../arm-none-eabi/lib/thumb/v7e-m/nofp\libg.a(lib_a-lock.o)
 .text.__retarget_lock_init
                0x00400b88        0x4 c:/progra~2/gnuarm~1/102021~1.10/bin/../lib/gcc/arm-none-eabi/10.3.1/../../../../arm-none-eabi/lib/thumb/v7e-m/nofp\libg.a(lib_a-lock.o)
                0x00400b88                __retarget_lock_init
 .text.__retarget_lock_init_recursive
                0x00400b8c        0x4 c:/progra~2/gnuarm~1/102021~1.10/bin/../lib/gcc/arm-none-eabi/10.3.1/../../../../arm-none-eabi/lib/thumb/v7e-m/nofp\libg.a(lib_a-lock.o)
                0x00400b8c                __retarget_lock_init_recursive
 .text.__retarget_lock_close
                0x00400b90        0x4 c:/progra~2/gnuarm~1/102021~1.10/bin/../lib/gcc/arm-none-eabi/10.3.1/../../../../arm-none-eabi/lib/thumb/v7e-m/nofp\libg.a(lib_a-lock.o)
                0x00400b90                __retarget_lock_close
 .text.__retarget_lock_close_recursive
                0x00400b94        0x4 c:/progra~2/gnuarm~1/102021~1.10/bin/../lib/gcc/arm-none-eabi/10.3.1/../../../../arm-none-eabi/lib/thumb/v7e-m/nofp\libg.a(lib_a-lock.o)
                0x00400b94                __retarget_lock_close_recursive
 .text.__retarget_lock_acquire
                0x00400b98        0x4 c:/progra~2/gnuarm~1/102021~1.10/bin/../lib/gcc/arm-none-eabi/10.3.1/../../../../arm-none-eabi/lib/thumb/v7e-m/nofp\libg.a(lib_a-lock.o)
                0x00400b98                __retarget_lock_acquire
 .text.__retarget_lock_acquire_recursive
                0x00400b9c        0x4 c:/progra~2/gnuarm~1/102021~1.10/bin/../lib/gcc/arm-none-eabi/10.3.1/../../../../arm-none-eabi/lib/thumb/v7e-m/nofp\libg.a(lib_a-lock.o)
                0x00400b9c                __retarget_lock_acquire_recursive
 .text.__retarget_lock_try_acquire
                0x00400ba0        0x4 c:/progra~2/gnuarm~1/102021~1.10/bin/../lib/gcc/arm-none-eabi/10.3.1/../../../../arm-none-eabi/lib/thumb/v7e-m/nofp\libg.a(lib_a-lock.o)
                0x00400ba0                __retarget_lock_try_acquire
 .text.__retarget_lock_try_acquire_recursive
                0x00400ba4        0x4 c:/progra~2/gnuarm~1/102021~1.10/bin/../lib/gcc/arm-none-eabi/10.3.1/../../../../arm-none-eabi/lib/thumb/v7e-m/nofp\libg.a(lib_a-lock.o)
                0x00400ba4                __retarget_lock_try_acquire_recursive
 .text.__retarget_lock_release
                0x00400ba8        0x4 c:/progra~2/gnuarm~1/102021~1.10/bin/../lib/gcc/arm-none-eabi/10.3.1/../../../../arm-none-eabi/lib/thumb/v7e-m/nofp\libg.a(lib_a-lock.o)
                0x00400ba8                __retarget_lock_release
 .text.__retarget_lock_release_recursive
                0x00400bac        0x4 c:/progra~2/gnuarm~1/102021~1.10/bin/../lib/gcc/arm-none-eabi/10.3.1/../../../../arm-none-eabi/lib/thumb/v7e-m/nofp\libg.a(lib_a-lock.o)
                0x00400bac                __retarget_lock_release_recursive
 .text          0x00400bb0        0x0 c:/progra~2/gnuarm~1/102021~1.10/bin/../lib/gcc/arm-none-eabi/10.3.1/../../../../arm-none-eabi/lib/thumb/v7e-m/nofp\libg.a(lib_a-__atexit.o)
 .text.__register_exitproc
                0x00400bb0       0x8c c:/progra~2/gnuarm~1/102021~1.10/bin/../lib/gcc/arm-none-eabi/10.3.1/../../../../arm-none-eabi/lib/thumb/v7e-m/nofp\libg.a(lib_a-__atexit.o)
                0x00400bb0                __register_exitproc
 .text          0x00400c3c        0x0 c:/progra~2/gnuarm~1/102021~1.10/bin/../lib/gcc/arm-none-eabi/10.3.1/../../../../arm-none-eabi/lib/thumb/v7e-m/nofp\libnosys.a(_exit.o)
 .text._exit    0x00400c3c        0x4 c:/progra~2/gnuarm~1/102021~1.10/bin/../lib/gcc/arm-none-eabi/10.3.1/../../../../arm-none-eabi/lib/thumb/v7e-m/nofp\libnosys.a(_exit.o)
                0x00400c3c                _exit
 .text          0x00400c40        0x0 c:/progra~2/gnuarm~1/102021~1.10/bin/../lib/gcc/arm-none-eabi/10.3.1/thumb/v7e-m/nofp/crtend.o
 .text          0x00400c40        0x0 c:/progra~2/gnuarm~1/102021~1.10/bin/../lib/gcc/arm-none-eabi/10.3.1/thumb/v7e-m/nofp/crtn.o
 *(.glue_7t)
 .glue_7t       0x00400c40        0x0 linker stubs
 *(.glue_7)
 .glue_7        0x00400c40        0x0 linker stubs
 *(.rodata .rodata* .gnu.linkonce.r.*)
 .rodata        0x00400c40       0x24 c:/progra~2/gnuarm~1/102021~1.10/bin/../lib/gcc/arm-none-eabi/10.3.1/thumb/v7e-m/nofp/crtbegin.o
 .rodata._global_impure_ptr
                0x00400c64        0x4 c:/progra~2/gnuarm~1/102021~1.10/bin/../lib/gcc/arm-none-eabi/10.3.1/../../../../arm-none-eabi/lib/thumb/v7e-m/nofp\libg.a(lib_a-impure.o)
                0x00400c64                _global_impure_ptr
 .rodata        0x00400c68       0x24 c:/progra~2/gnuarm~1/102021~1.10/bin/../lib/gcc/arm-none-eabi/10.3.1/thumb/v7e-m/nofp/crtend.o
 *(.ARM.extab* .gnu.linkonce.armextab.*)
 .ARM.extab     0x00400c8c        0x0 c:/progra~2/gnuarm~1/102021~1.10/bin/../lib/gcc/arm-none-eabi/10.3.1/../../../../arm-none-eabi/lib/thumb/v7e-m/nofp/crt0.o
                0x00400c8c                . = ALIGN (0x4)
 *(.init)
 .init          0x00400c8c        0x4 c:/progra~2/gnuarm~1/102021~1.10/bin/../lib/gcc/arm-none-eabi/10.3.1/thumb/v7e-m/nofp/crti.o
                0x00400c8c                _init
 .init          0x00400c90        0x8 c:/progra~2/gnuarm~1/102021~1.10/bin/../lib/gcc/arm-none-eabi/10.3.1/thumb/v7e-m/nofp/crtn.o
                0x00400c98                . = ALIGN (0x4)
                0x00400c98                __preinit_array_start = .
 *(.preinit_array)
                0x00400c98                __preinit_array_end = .
                0x00400c98                . = ALIGN (0x4)
                0x00400c98                __init_array_start = .
 *(SORT_BY_NAME(.init_array.*))
 .init_array.00000
                0x00400c98        0x4 c:/progra~2/gnuarm~1/102021~1.10/bin/../lib/gcc/arm-none-eabi/10.3.1/../../../../arm-none-eabi/lib/thumb/v7e-m/nofp\libg.a(lib_a-__call_atexit.o)
 *(.init_array)
 .init_array    0x00400c9c        0x4 c:/progra~2/gnuarm~1/102021~1.10/bin/../lib/gcc/arm-none-eabi/10.3.1/thumb/v7e-m/nofp/crtbegin.o
                0x00400ca0                __init_array_end = .
                0x00400ca0                . = ALIGN (0x4)
 *crtbegin.o(.ctors)
 *(EXCLUDE_FILE(*crtend.o) .ctors)
 *(SORT_BY_NAME(.ctors.*))
 *crtend.o(.ctors)
                0x00400ca0                . = ALIGN (0x4)
 *(.fini)
 .fini          0x00400ca0        0x4 c:/progra~2/gnuarm~1/102021~1.10/bin/../lib/gcc/arm-none-eabi/10.3.1/thumb/v7e-m/nofp/crti.o
                0x00400ca0                _fini
 .fini          0x00400ca4        0x8 c:/progra~2/gnuarm~1/102021~1.10/bin/../lib/gcc/arm-none-eabi/10.3.1/thumb/v7e-m/nofp/crtn.o
                0x00400cac                . = ALIGN (0x4)
                0x00400cac                __fini_array_start = .
 *(.fini_array)
 .fini_array    0x00400cac        0x4 c:/progra~2/gnuarm~1/102021~1.10/bin/../lib/gcc/arm-none-eabi/10.3.1/thumb/v7e-m/nofp/crtbegin.o
 *(SORT_BY_NAME(.fini_array.*))
                0x00400cb0                __fini_array_end = .
 *crtbegin.o(.dtors)
 *(EXCLUDE_FILE(*crtend.o) .dtors)
 *(SORT_BY_NAME(.dtors.*))
 *crtend.o(.dtors)
                0x00400cb0                . = ALIGN (0x4)
                0x00400cb0                _efixed = .
                [!provide]                PROVIDE (__exidx_start = .)

.vfp11_veneer   0x00400cb0        0x0
 .vfp11_veneer  0x00400cb0        0x0 linker stubs

.v4_bx          0x00400cb0        0x0
 .v4_bx         0x00400cb0        0x0 linker stubs

.iplt           0x00400cb0        0x0
 .iplt          0x00400cb0        0x0 c:/progra~2/gnuarm~1/102021~1.10/bin/../lib/gcc/arm-none-eabi/10.3.1/thumb/v7e-m/nofp/crtbegin.o

.igot.plt       0x00400cb0        0x0
 .igot.plt      0x00400cb0        0x0 c:/progra~2/gnuarm~1/102021~1.10/bin/../lib/gcc/arm-none-eabi/10.3.1/thumb/v7e-m/nofp/crtbegin.o

.ARM.exidx      0x00400cb0        0x8
 *(.ARM.exidx* .gnu.linkonce.armexidx.*)
 .ARM.exidx     0x00400cb0        0x8 c:/progra~2/gnuarm~1/102021~1.10/bin/../lib/gcc/arm-none-eabi/10.3.1/../../../../arm-none-eabi/lib/thumb/v7e-m/nofp/crt0.o
                                 0x10 (size before relaxing)
                [!provide]                PROVIDE (__exidx_end = .)

.eh_frame       0x00400cb8        0x4
 .eh_frame      0x00400cb8        0x0 c:/progra~2/gnuarm~1/102021~1.10/bin/../lib/gcc/arm-none-eabi/10.3.1/thumb/v7e-m/nofp/crtbegin.o
 .eh_frame      0x00400cb8        0x4 c:/progra~2/gnuarm~1/102021~1.10/bin/../lib/gcc/arm-none-eabi/10.3.1/thumb/v7e-m/nofp/crtend.o

.rel.dyn        0x00400cbc        0x0
 .rel.iplt      0x00400cbc        0x0 c:/progra~2/gnuarm~1/102021~1.10/bin/../lib/gcc/arm-none-eabi/10.3.1/thumb/v7e-m/nofp/crtbegin.o
                0x00400cbc                . = ALIGN (0x4)
                0x00400cbc                _etext = .

.relocate       0x20400000      0x434 load address 0x00400cbc
                0x20400000                . = ALIGN (0x4)
                0x20400000                _srelocate = .
 *(.ramfunc .ramfunc.*)
 *(.data .data.*)
 .data          0x20400000        0x0 c:/progra~2/gnuarm~1/102021~1.10/bin/../lib/gcc/arm-none-eabi/10.3.1/thumb/v7e-m/nofp/crti.o
 .data          0x20400000        0x4 c:/progra~2/gnuarm~1/102021~1.10/bin/../lib/gcc/arm-none-eabi/10.3.1/thumb/v7e-m/nofp/crtbegin.o
                0x20400000                __dso_handle
 .data          0x20400004        0x0 c:/progra~2/gnuarm~1/102021~1.10/bin/../lib/gcc/arm-none-eabi/10.3.1/../../../../arm-none-eabi/lib/thumb/v7e-m/nofp/crt0.o
 .data          0x20400004        0x0 CMakeFiles/Blinky.dir/src/main.c.obj
 .data          0x20400004        0x0 libmhc-gen-sysinit.a(initialization.c.obj)
 .data          0x20400004        0x0 libmhc-gen-plib.a(plib_clk.c.obj)
 .data          0x20400004        0x0 libmhc-gen-plib.a(plib_efc.c.obj)
 .data          0x20400004        0x0 libmhc-gen-plib.a(plib_nvic.c.obj)
 .data          0x20400004        0x0 libmhc-gen-plib.a(plib_pio.c.obj)
 .data          0x20400004        0x0 libmhc-gen-plib.a(plib_systick.c.obj)
 .data          0x20400004        0x0 C:/Users/iliaz/.conan2/p/b/samv7b0965e3ee186d/p/lib/startup_samv71q21b.c.obj
 .data          0x20400004        0x0 c:/progra~2/gnuarm~1/102021~1.10/bin/../lib/gcc/arm-none-eabi/10.3.1/../../../../arm-none-eabi/lib/thumb/v7e-m/nofp\libg.a(lib_a-exit.o)
 .data          0x20400004        0x0 c:/progra~2/gnuarm~1/102021~1.10/bin/../lib/gcc/arm-none-eabi/10.3.1/../../../../arm-none-eabi/lib/thumb/v7e-m/nofp\libg.a(lib_a-impure.o)
 .data._impure_ptr
                0x20400004        0x4 c:/progra~2/gnuarm~1/102021~1.10/bin/../lib/gcc/arm-none-eabi/10.3.1/../../../../arm-none-eabi/lib/thumb/v7e-m/nofp\libg.a(lib_a-impure.o)
                0x20400004                _impure_ptr
 .data.impure_data
                0x20400008      0x428 c:/progra~2/gnuarm~1/102021~1.10/bin/../lib/gcc/arm-none-eabi/10.3.1/../../../../arm-none-eabi/lib/thumb/v7e-m/nofp\libg.a(lib_a-impure.o)
 .data          0x20400430        0x0 c:/progra~2/gnuarm~1/102021~1.10/bin/../lib/gcc/arm-none-eabi/10.3.1/../../../../arm-none-eabi/lib/thumb/v7e-m/nofp\libg.a(lib_a-init.o)
 .data          0x20400430        0x0 c:/progra~2/gnuarm~1/102021~1.10/bin/../lib/gcc/arm-none-eabi/10.3.1/../../../../arm-none-eabi/lib/thumb/v7e-m/nofp\libg.a(lib_a-memcpy.o)
 .data          0x20400430        0x0 c:/progra~2/gnuarm~1/102021~1.10/bin/../lib/gcc/arm-none-eabi/10.3.1/../../../../arm-none-eabi/lib/thumb/v7e-m/nofp\libg.a(lib_a-memset.o)
 .data          0x20400430        0x0 c:/progra~2/gnuarm~1/102021~1.10/bin/../lib/gcc/arm-none-eabi/10.3.1/../../../../arm-none-eabi/lib/thumb/v7e-m/nofp\libg.a(lib_a-__call_atexit.o)
 .data.__atexit_recursive_mutex
                0x20400430        0x4 c:/progra~2/gnuarm~1/102021~1.10/bin/../lib/gcc/arm-none-eabi/10.3.1/../../../../arm-none-eabi/lib/thumb/v7e-m/nofp\libg.a(lib_a-__call_atexit.o)
                0x20400430                __atexit_recursive_mutex
 .data          0x20400434        0x0 c:/progra~2/gnuarm~1/102021~1.10/bin/../lib/gcc/arm-none-eabi/10.3.1/../../../../arm-none-eabi/lib/thumb/v7e-m/nofp\libg.a(lib_a-atexit.o)
 .data          0x20400434        0x0 c:/progra~2/gnuarm~1/102021~1.10/bin/../lib/gcc/arm-none-eabi/10.3.1/../../../../arm-none-eabi/lib/thumb/v7e-m/nofp\libg.a(lib_a-fini.o)
 .data          0x20400434        0x0 c:/progra~2/gnuarm~1/102021~1.10/bin/../lib/gcc/arm-none-eabi/10.3.1/../../../../arm-none-eabi/lib/thumb/v7e-m/nofp\libg.a(lib_a-lock.o)
 .data          0x20400434        0x0 c:/progra~2/gnuarm~1/102021~1.10/bin/../lib/gcc/arm-none-eabi/10.3.1/../../../../arm-none-eabi/lib/thumb/v7e-m/nofp\libg.a(lib_a-__atexit.o)
 .data          0x20400434        0x0 c:/progra~2/gnuarm~1/102021~1.10/bin/../lib/gcc/arm-none-eabi/10.3.1/../../../../arm-none-eabi/lib/thumb/v7e-m/nofp\libnosys.a(_exit.o)
 .data          0x20400434        0x0 c:/progra~2/gnuarm~1/102021~1.10/bin/../lib/gcc/arm-none-eabi/10.3.1/thumb/v7e-m/nofp/crtend.o
 .data          0x20400434        0x0 c:/progra~2/gnuarm~1/102021~1.10/bin/../lib/gcc/arm-none-eabi/10.3.1/thumb/v7e-m/nofp/crtn.o
                0x20400434                . = ALIGN (0x4)
                0x20400434                _erelocate = .

.bss            0x20400434       0x50 load address 0x004010f0
                0x20400434                . = ALIGN (0x4)
                0x20400434                _sbss = .
                0x20400434                _szero = .
 *(.bss .bss.*)
 .bss           0x20400434        0x0 c:/progra~2/gnuarm~1/102021~1.10/bin/../lib/gcc/arm-none-eabi/10.3.1/thumb/v7e-m/nofp/crti.o
 .bss           0x20400434       0x1c c:/progra~2/gnuarm~1/102021~1.10/bin/../lib/gcc/arm-none-eabi/10.3.1/thumb/v7e-m/nofp/crtbegin.o
 .bss           0x20400450        0x0 c:/progra~2/gnuarm~1/102021~1.10/bin/../lib/gcc/arm-none-eabi/10.3.1/../../../../arm-none-eabi/lib/thumb/v7e-m/nofp/crt0.o
 .bss           0x20400450        0x0 CMakeFiles/Blinky.dir/src/main.c.obj
 .bss           0x20400450        0x0 libmhc-gen-sysinit.a(initialization.c.obj)
 .bss           0x20400450        0x0 libmhc-gen-plib.a(plib_clk.c.obj)
 .bss           0x20400450        0x4 libmhc-gen-plib.a(plib_efc.c.obj)
 .bss           0x20400454        0x0 libmhc-gen-plib.a(plib_nvic.c.obj)
 .bss           0x20400454        0x0 libmhc-gen-plib.a(plib_pio.c.obj)
 .bss           0x20400454        0xc libmhc-gen-plib.a(plib_systick.c.obj)
 .bss           0x20400460        0x0 C:/Users/iliaz/.conan2/p/b/samv7b0965e3ee186d/p/lib/startup_samv71q21b.c.obj
 .bss           0x20400460        0x0 c:/progra~2/gnuarm~1/102021~1.10/bin/../lib/gcc/arm-none-eabi/10.3.1/../../../../arm-none-eabi/lib/thumb/v7e-m/nofp\libg.a(lib_a-exit.o)
 .bss           0x20400460        0x0 c:/progra~2/gnuarm~1/102021~1.10/bin/../lib/gcc/arm-none-eabi/10.3.1/../../../../arm-none-eabi/lib/thumb/v7e-m/nofp\libg.a(lib_a-impure.o)
 .bss           0x20400460        0x0 c:/progra~2/gnuarm~1/102021~1.10/bin/../lib/gcc/arm-none-eabi/10.3.1/../../../../arm-none-eabi/lib/thumb/v7e-m/nofp\libg.a(lib_a-init.o)
 .bss           0x20400460        0x0 c:/progra~2/gnuarm~1/102021~1.10/bin/../lib/gcc/arm-none-eabi/10.3.1/../../../../arm-none-eabi/lib/thumb/v7e-m/nofp\libg.a(lib_a-memcpy.o)
 .bss           0x20400460        0x0 c:/progra~2/gnuarm~1/102021~1.10/bin/../lib/gcc/arm-none-eabi/10.3.1/../../../../arm-none-eabi/lib/thumb/v7e-m/nofp\libg.a(lib_a-memset.o)
 .bss           0x20400460        0x0 c:/progra~2/gnuarm~1/102021~1.10/bin/../lib/gcc/arm-none-eabi/10.3.1/../../../../arm-none-eabi/lib/thumb/v7e-m/nofp\libg.a(lib_a-__call_atexit.o)
 .bss           0x20400460        0x0 c:/progra~2/gnuarm~1/102021~1.10/bin/../lib/gcc/arm-none-eabi/10.3.1/../../../../arm-none-eabi/lib/thumb/v7e-m/nofp\libg.a(lib_a-atexit.o)
 .bss           0x20400460        0x0 c:/progra~2/gnuarm~1/102021~1.10/bin/../lib/gcc/arm-none-eabi/10.3.1/../../../../arm-none-eabi/lib/thumb/v7e-m/nofp\libg.a(lib_a-fini.o)
 .bss           0x20400460        0x0 c:/progra~2/gnuarm~1/102021~1.10/bin/../lib/gcc/arm-none-eabi/10.3.1/../../../../arm-none-eabi/lib/thumb/v7e-m/nofp\libg.a(lib_a-lock.o)
 .bss.__lock___arc4random_mutex
                0x20400460        0x1 c:/progra~2/gnuarm~1/102021~1.10/bin/../lib/gcc/arm-none-eabi/10.3.1/../../../../arm-none-eabi/lib/thumb/v7e-m/nofp\libg.a(lib_a-lock.o)
                0x20400460                __lock___arc4random_mutex
 *fill*         0x20400461        0x3 
 .bss.__lock___at_quick_exit_mutex
                0x20400464        0x1 c:/progra~2/gnuarm~1/102021~1.10/bin/../lib/gcc/arm-none-eabi/10.3.1/../../../../arm-none-eabi/lib/thumb/v7e-m/nofp\libg.a(lib_a-lock.o)
                0x20400464                __lock___at_quick_exit_mutex
 *fill*         0x20400465        0x3 
 .bss.__lock___atexit_recursive_mutex
                0x20400468        0x1 c:/progra~2/gnuarm~1/102021~1.10/bin/../lib/gcc/arm-none-eabi/10.3.1/../../../../arm-none-eabi/lib/thumb/v7e-m/nofp\libg.a(lib_a-lock.o)
                0x20400468                __lock___atexit_recursive_mutex
 *fill*         0x20400469        0x3 
 .bss.__lock___dd_hash_mutex
                0x2040046c        0x1 c:/progra~2/gnuarm~1/102021~1.10/bin/../lib/gcc/arm-none-eabi/10.3.1/../../../../arm-none-eabi/lib/thumb/v7e-m/nofp\libg.a(lib_a-lock.o)
                0x2040046c                __lock___dd_hash_mutex
 *fill*         0x2040046d        0x3 
 .bss.__lock___env_recursive_mutex
                0x20400470        0x1 c:/progra~2/gnuarm~1/102021~1.10/bin/../lib/gcc/arm-none-eabi/10.3.1/../../../../arm-none-eabi/lib/thumb/v7e-m/nofp\libg.a(lib_a-lock.o)
                0x20400470                __lock___env_recursive_mutex
 *fill*         0x20400471        0x3 
 .bss.__lock___malloc_recursive_mutex
                0x20400474        0x1 c:/progra~2/gnuarm~1/102021~1.10/bin/../lib/gcc/arm-none-eabi/10.3.1/../../../../arm-none-eabi/lib/thumb/v7e-m/nofp\libg.a(lib_a-lock.o)
                0x20400474                __lock___malloc_recursive_mutex
 *fill*         0x20400475        0x3 
 .bss.__lock___sfp_recursive_mutex
                0x20400478        0x1 c:/progra~2/gnuarm~1/102021~1.10/bin/../lib/gcc/arm-none-eabi/10.3.1/../../../../arm-none-eabi/lib/thumb/v7e-m/nofp\libg.a(lib_a-lock.o)
                0x20400478                __lock___sfp_recursive_mutex
 *fill*         0x20400479        0x3 
 .bss.__lock___sinit_recursive_mutex
                0x2040047c        0x1 c:/progra~2/gnuarm~1/102021~1.10/bin/../lib/gcc/arm-none-eabi/10.3.1/../../../../arm-none-eabi/lib/thumb/v7e-m/nofp\libg.a(lib_a-lock.o)
                0x2040047c                __lock___sinit_recursive_mutex
 *fill*         0x2040047d        0x3 
 .bss.__lock___tz_mutex
                0x20400480        0x1 c:/progra~2/gnuarm~1/102021~1.10/bin/../lib/gcc/arm-none-eabi/10.3.1/../../../../arm-none-eabi/lib/thumb/v7e-m/nofp\libg.a(lib_a-lock.o)
                0x20400480                __lock___tz_mutex
 .bss           0x20400481        0x0 c:/progra~2/gnuarm~1/102021~1.10/bin/../lib/gcc/arm-none-eabi/10.3.1/../../../../arm-none-eabi/lib/thumb/v7e-m/nofp\libg.a(lib_a-__atexit.o)
 .bss           0x20400481        0x0 c:/progra~2/gnuarm~1/102021~1.10/bin/../lib/gcc/arm-none-eabi/10.3.1/../../../../arm-none-eabi/lib/thumb/v7e-m/nofp\libnosys.a(_exit.o)
 .bss           0x20400481        0x0 c:/progra~2/gnuarm~1/102021~1.10/bin/../lib/gcc/arm-none-eabi/10.3.1/thumb/v7e-m/nofp/crtend.o
 .bss           0x20400481        0x0 c:/progra~2/gnuarm~1/102021~1.10/bin/../lib/gcc/arm-none-eabi/10.3.1/thumb/v7e-m/nofp/crtn.o
 *(COMMON)
                0x20400484                . = ALIGN (0x4)
 *fill*         0x20400481        0x3 
                0x20400484                _ebss = .
                0x20400484                _ezero = .

.heap           0x20400484      0x204 load address 0x00401140
                0x20400488                . = ALIGN (0x8)
 *fill*         0x20400484        0x4 
                0x20400488                _sheap = .
                0x20400688                . = (. + HEAP_SIZE)
 *fill*         0x20400488      0x200 
                0x20400688                . = ALIGN (0x8)
                0x20400688                _eheap = .

.stack          0x20400688      0x400 load address 0x00401344
                0x20400688                . = ALIGN (0x8)
                0x20400688                _sstack = .
                0x20400a88                . = (. + STACK_SIZE)
 *fill*         0x20400688      0x400 
                0x20400a88                . = ALIGN (0x8)
                0x20400a88                _estack = .
                0x20400a88                . = ALIGN (0x4)
                0x20400a88                _end = .
                0x2045ffff                _ram_end_ = ((ORIGIN (ram) + LENGTH (ram)) - 0x1)
OUTPUT(Blinky.elf elf32-littlearm)
LOAD linker stubs

.ARM.attributes
                0x00000000       0x2a
 .ARM.attributes
                0x00000000       0x1e c:/progra~2/gnuarm~1/102021~1.10/bin/../lib/gcc/arm-none-eabi/10.3.1/thumb/v7e-m/nofp/crti.o
 .ARM.attributes
                0x0000001e       0x2e c:/progra~2/gnuarm~1/102021~1.10/bin/../lib/gcc/arm-none-eabi/10.3.1/thumb/v7e-m/nofp/crtbegin.o
 .ARM.attributes
                0x0000004c       0x1c c:/progra~2/gnuarm~1/102021~1.10/bin/../lib/gcc/arm-none-eabi/10.3.1/../../../../arm-none-eabi/lib/thumb/v7e-m/nofp/crt0.o
 .ARM.attributes
                0x00000068       0x2e CMakeFiles/Blinky.dir/src/main.c.obj
 .ARM.attributes
                0x00000096       0x2e libmhc-gen-sysinit.a(initialization.c.obj)
 .ARM.attributes
                0x000000c4       0x2e libmhc-gen-plib.a(plib_clk.c.obj)
 .ARM.attributes
                0x000000f2       0x2e libmhc-gen-plib.a(plib_efc.c.obj)
 .ARM.attributes
                0x00000120       0x2e libmhc-gen-plib.a(plib_nvic.c.obj)
 .ARM.attributes
                0x0000014e       0x2e libmhc-gen-plib.a(plib_pio.c.obj)
 .ARM.attributes
                0x0000017c       0x2e libmhc-gen-plib.a(plib_systick.c.obj)
 .ARM.attributes
                0x000001aa       0x2e C:/Users/iliaz/.conan2/p/b/samv7b0965e3ee186d/p/lib/startup_samv71q21b.c.obj
 .ARM.attributes
                0x000001d8       0x2e c:/progra~2/gnuarm~1/102021~1.10/bin/../lib/gcc/arm-none-eabi/10.3.1/../../../../arm-none-eabi/lib/thumb/v7e-m/nofp\libg.a(lib_a-exit.o)
 .ARM.attributes
                0x00000206       0x2e c:/progra~2/gnuarm~1/102021~1.10/bin/../lib/gcc/arm-none-eabi/10.3.1/../../../../arm-none-eabi/lib/thumb/v7e-m/nofp\libg.a(lib_a-impure.o)
 .ARM.attributes
                0x00000234       0x2e c:/progra~2/gnuarm~1/102021~1.10/bin/../lib/gcc/arm-none-eabi/10.3.1/../../../../arm-none-eabi/lib/thumb/v7e-m/nofp\libg.a(lib_a-init.o)
 .ARM.attributes
                0x00000262       0x1c c:/progra~2/gnuarm~1/102021~1.10/bin/../lib/gcc/arm-none-eabi/10.3.1/../../../../arm-none-eabi/lib/thumb/v7e-m/nofp\libg.a(lib_a-memcpy.o)
 .ARM.attributes
                0x0000027e       0x2e c:/progra~2/gnuarm~1/102021~1.10/bin/../lib/gcc/arm-none-eabi/10.3.1/../../../../arm-none-eabi/lib/thumb/v7e-m/nofp\libg.a(lib_a-memset.o)
 .ARM.attributes
                0x000002ac       0x2e c:/progra~2/gnuarm~1/102021~1.10/bin/../lib/gcc/arm-none-eabi/10.3.1/../../../../arm-none-eabi/lib/thumb/v7e-m/nofp\libg.a(lib_a-__call_atexit.o)
 .ARM.attributes
                0x000002da       0x2e c:/progra~2/gnuarm~1/102021~1.10/bin/../lib/gcc/arm-none-eabi/10.3.1/../../../../arm-none-eabi/lib/thumb/v7e-m/nofp\libg.a(lib_a-atexit.o)
 .ARM.attributes
                0x00000308       0x2e c:/progra~2/gnuarm~1/102021~1.10/bin/../lib/gcc/arm-none-eabi/10.3.1/../../../../arm-none-eabi/lib/thumb/v7e-m/nofp\libg.a(lib_a-fini.o)
 .ARM.attributes
                0x00000336       0x2e c:/progra~2/gnuarm~1/102021~1.10/bin/../lib/gcc/arm-none-eabi/10.3.1/../../../../arm-none-eabi/lib/thumb/v7e-m/nofp\libg.a(lib_a-lock.o)
 .ARM.attributes
                0x00000364       0x2e c:/progra~2/gnuarm~1/102021~1.10/bin/../lib/gcc/arm-none-eabi/10.3.1/../../../../arm-none-eabi/lib/thumb/v7e-m/nofp\libg.a(lib_a-__atexit.o)
 .ARM.attributes
                0x00000392       0x2e c:/progra~2/gnuarm~1/102021~1.10/bin/../lib/gcc/arm-none-eabi/10.3.1/../../../../arm-none-eabi/lib/thumb/v7e-m/nofp\libnosys.a(_exit.o)
 .ARM.attributes
                0x000003c0       0x2e c:/progra~2/gnuarm~1/102021~1.10/bin/../lib/gcc/arm-none-eabi/10.3.1/thumb/v7e-m/nofp/crtend.o
 .ARM.attributes
                0x000003ee       0x1e c:/progra~2/gnuarm~1/102021~1.10/bin/../lib/gcc/arm-none-eabi/10.3.1/thumb/v7e-m/nofp/crtn.o

.comment        0x00000000       0x49
 .comment       0x00000000       0x49 CMakeFiles/Blinky.dir/src/main.c.obj
                                 0x4a (size before relaxing)
 .comment       0x00000049       0x4a libmhc-gen-sysinit.a(initialization.c.obj)
 .comment       0x00000049       0x4a libmhc-gen-plib.a(plib_clk.c.obj)
 .comment       0x00000049       0x4a libmhc-gen-plib.a(plib_efc.c.obj)
 .comment       0x00000049       0x4a libmhc-gen-plib.a(plib_nvic.c.obj)
 .comment       0x00000049       0x4a libmhc-gen-plib.a(plib_pio.c.obj)
 .comment       0x00000049       0x4a libmhc-gen-plib.a(plib_systick.c.obj)
 .comment       0x00000049       0x4a C:/Users/iliaz/.conan2/p/b/samv7b0965e3ee186d/p/lib/startup_samv71q21b.c.obj

.debug_info     0x00000000     0x2be8
 .debug_info    0x00000000      0x1f9 CMakeFiles/Blinky.dir/src/main.c.obj
 .debug_info    0x000001f9      0x1b0 libmhc-gen-sysinit.a(initialization.c.obj)
 .debug_info    0x000003a9      0x42c libmhc-gen-plib.a(plib_clk.c.obj)
 .debug_info    0x000007d5      0x580 libmhc-gen-plib.a(plib_efc.c.obj)
 .debug_info    0x00000d55      0x67b libmhc-gen-plib.a(plib_nvic.c.obj)
 .debug_info    0x000013d0      0x906 libmhc-gen-plib.a(plib_pio.c.obj)
 .debug_info    0x00001cd6      0x4ed libmhc-gen-plib.a(plib_systick.c.obj)
 .debug_info    0x000021c3      0xa25 C:/Users/iliaz/.conan2/p/b/samv7b0965e3ee186d/p/lib/startup_samv71q21b.c.obj

.debug_abbrev   0x00000000      0xa68
 .debug_abbrev  0x00000000       0xe2 CMakeFiles/Blinky.dir/src/main.c.obj
 .debug_abbrev  0x000000e2       0xbf libmhc-gen-sysinit.a(initialization.c.obj)
 .debug_abbrev  0x000001a1       0xdb libmhc-gen-plib.a(plib_clk.c.obj)
 .debug_abbrev  0x0000027c      0x1b6 libmhc-gen-plib.a(plib_efc.c.obj)
 .debug_abbrev  0x00000432      0x1c3 libmhc-gen-plib.a(plib_nvic.c.obj)
 .debug_abbrev  0x000005f5      0x151 libmhc-gen-plib.a(plib_pio.c.obj)
 .debug_abbrev  0x00000746      0x1a4 libmhc-gen-plib.a(plib_systick.c.obj)
 .debug_abbrev  0x000008ea      0x17e C:/Users/iliaz/.conan2/p/b/samv7b0965e3ee186d/p/lib/startup_samv71q21b.c.obj

.debug_loc      0x00000000      0x8be
 .debug_loc     0x00000000       0x2c CMakeFiles/Blinky.dir/src/main.c.obj
 .debug_loc     0x0000002c       0x25 libmhc-gen-sysinit.a(initialization.c.obj)
 .debug_loc     0x00000051      0x3ea libmhc-gen-plib.a(plib_efc.c.obj)
 .debug_loc     0x0000043b       0x6f libmhc-gen-plib.a(plib_nvic.c.obj)
 .debug_loc     0x000004aa       0x6f libmhc-gen-plib.a(plib_pio.c.obj)
 .debug_loc     0x00000519      0x31a libmhc-gen-plib.a(plib_systick.c.obj)
 .debug_loc     0x00000833       0x8b C:/Users/iliaz/.conan2/p/b/samv7b0965e3ee186d/p/lib/startup_samv71q21b.c.obj

.debug_aranges  0x00000000      0x100
 .debug_aranges
                0x00000000       0x20 CMakeFiles/Blinky.dir/src/main.c.obj
 .debug_aranges
                0x00000020       0x20 libmhc-gen-sysinit.a(initialization.c.obj)
 .debug_aranges
                0x00000040       0x20 libmhc-gen-plib.a(plib_clk.c.obj)
 .debug_aranges
                0x00000060       0x20 libmhc-gen-plib.a(plib_efc.c.obj)
 .debug_aranges
                0x00000080       0x20 libmhc-gen-plib.a(plib_nvic.c.obj)
 .debug_aranges
                0x000000a0       0x20 libmhc-gen-plib.a(plib_pio.c.obj)
 .debug_aranges
                0x000000c0       0x20 libmhc-gen-plib.a(plib_systick.c.obj)
 .debug_aranges
                0x000000e0       0x20 C:/Users/iliaz/.conan2/p/b/samv7b0965e3ee186d/p/lib/startup_samv71q21b.c.obj

.debug_ranges   0x00000000       0x10
 .debug_ranges  0x00000000       0x10 CMakeFiles/Blinky.dir/src/main.c.obj

.debug_macro    0x00000000    0x31444
 .debug_macro   0x00000000      0x5cb CMakeFiles/Blinky.dir/src/main.c.obj
 .debug_macro   0x000005cb      0xa66 CMakeFiles/Blinky.dir/src/main.c.obj
 .debug_macro   0x00001031       0x16 CMakeFiles/Blinky.dir/src/main.c.obj
 .debug_macro   0x00001047       0x22 CMakeFiles/Blinky.dir/src/main.c.obj
 .debug_macro   0x00001069       0x22 CMakeFiles/Blinky.dir/src/main.c.obj
 .debug_macro   0x0000108b       0x8e CMakeFiles/Blinky.dir/src/main.c.obj
 .debug_macro   0x00001119       0x51 CMakeFiles/Blinky.dir/src/main.c.obj
 .debug_macro   0x0000116a      0x103 CMakeFiles/Blinky.dir/src/main.c.obj
 .debug_macro   0x0000126d       0x6a CMakeFiles/Blinky.dir/src/main.c.obj
 .debug_macro   0x000012d7      0x1df CMakeFiles/Blinky.dir/src/main.c.obj
 .debug_macro   0x000014b6       0x7f CMakeFiles/Blinky.dir/src/main.c.obj
 .debug_macro   0x00001535       0x1c CMakeFiles/Blinky.dir/src/main.c.obj
 .debug_macro   0x00001551       0x22 CMakeFiles/Blinky.dir/src/main.c.obj
 .debug_macro   0x00001573       0xd9 CMakeFiles/Blinky.dir/src/main.c.obj
 .debug_macro   0x0000164c     0x12cd CMakeFiles/Blinky.dir/src/main.c.obj
 .debug_macro   0x00002919      0x11f CMakeFiles/Blinky.dir/src/main.c.obj
 .debug_macro   0x00002a38       0x19 CMakeFiles/Blinky.dir/src/main.c.obj
 .debug_macro   0x00002a51      0x364 CMakeFiles/Blinky.dir/src/main.c.obj
 .debug_macro   0x00002db5      0x5d0 CMakeFiles/Blinky.dir/src/main.c.obj
 .debug_macro   0x00003385     0x1682 CMakeFiles/Blinky.dir/src/main.c.obj
 .debug_macro   0x00004a07      0x377 CMakeFiles/Blinky.dir/src/main.c.obj
 .debug_macro   0x00004d7e      0x797 CMakeFiles/Blinky.dir/src/main.c.obj
 .debug_macro   0x00005515      0x2b2 CMakeFiles/Blinky.dir/src/main.c.obj
 .debug_macro   0x000057c7       0x4c CMakeFiles/Blinky.dir/src/main.c.obj
 .debug_macro   0x00005813     0x247f CMakeFiles/Blinky.dir/src/main.c.obj
 .debug_macro   0x00007c92       0x58 CMakeFiles/Blinky.dir/src/main.c.obj
 .debug_macro   0x00007cea     0x16b1 CMakeFiles/Blinky.dir/src/main.c.obj
 .debug_macro   0x0000939b      0x572 CMakeFiles/Blinky.dir/src/main.c.obj
 .debug_macro   0x0000990d      0x4fd CMakeFiles/Blinky.dir/src/main.c.obj
 .debug_macro   0x00009e0a      0xaa7 CMakeFiles/Blinky.dir/src/main.c.obj
 .debug_macro   0x0000a8b1      0x615 CMakeFiles/Blinky.dir/src/main.c.obj
 .debug_macro   0x0000aec6     0x38ca CMakeFiles/Blinky.dir/src/main.c.obj
 .debug_macro   0x0000e790      0x68e CMakeFiles/Blinky.dir/src/main.c.obj
 .debug_macro   0x0000ee1e     0x8242 CMakeFiles/Blinky.dir/src/main.c.obj
 .debug_macro   0x00017060     0x3158 CMakeFiles/Blinky.dir/src/main.c.obj
 .debug_macro   0x0001a1b8     0x232a CMakeFiles/Blinky.dir/src/main.c.obj
 .debug_macro   0x0001c4e2      0x7ce CMakeFiles/Blinky.dir/src/main.c.obj
 .debug_macro   0x0001ccb0      0x148 CMakeFiles/Blinky.dir/src/main.c.obj
 .debug_macro   0x0001cdf8       0xee CMakeFiles/Blinky.dir/src/main.c.obj
 .debug_macro   0x0001cee6      0x866 CMakeFiles/Blinky.dir/src/main.c.obj
 .debug_macro   0x0001d74c       0xee CMakeFiles/Blinky.dir/src/main.c.obj
 .debug_macro   0x0001d83a      0x359 CMakeFiles/Blinky.dir/src/main.c.obj
 .debug_macro   0x0001db93      0x693 CMakeFiles/Blinky.dir/src/main.c.obj
 .debug_macro   0x0001e226      0xa95 CMakeFiles/Blinky.dir/src/main.c.obj
 .debug_macro   0x0001ecbb      0xedf CMakeFiles/Blinky.dir/src/main.c.obj
 .debug_macro   0x0001fb9a      0xef1 CMakeFiles/Blinky.dir/src/main.c.obj
 .debug_macro   0x00020a8b       0xdc CMakeFiles/Blinky.dir/src/main.c.obj
 .debug_macro   0x00020b67      0xb17 CMakeFiles/Blinky.dir/src/main.c.obj
 .debug_macro   0x0002167e      0x532 CMakeFiles/Blinky.dir/src/main.c.obj
 .debug_macro   0x00021bb0     0x2087 CMakeFiles/Blinky.dir/src/main.c.obj
 .debug_macro   0x00023c37     0x4315 CMakeFiles/Blinky.dir/src/main.c.obj
 .debug_macro   0x00027f4c       0xa6 CMakeFiles/Blinky.dir/src/main.c.obj
 .debug_macro   0x00027ff2      0x100 CMakeFiles/Blinky.dir/src/main.c.obj
 .debug_macro   0x000280f2     0x2943 CMakeFiles/Blinky.dir/src/main.c.obj
 .debug_macro   0x0002aa35       0x46 CMakeFiles/Blinky.dir/src/main.c.obj
 .debug_macro   0x0002aa7b       0x22 CMakeFiles/Blinky.dir/src/main.c.obj
 .debug_macro   0x0002aa9d       0x46 CMakeFiles/Blinky.dir/src/main.c.obj
 .debug_macro   0x0002aae3       0x46 CMakeFiles/Blinky.dir/src/main.c.obj
 .debug_macro   0x0002ab29       0x22 CMakeFiles/Blinky.dir/src/main.c.obj
 .debug_macro   0x0002ab4b       0x22 CMakeFiles/Blinky.dir/src/main.c.obj
 .debug_macro   0x0002ab6d       0x16 CMakeFiles/Blinky.dir/src/main.c.obj
 .debug_macro   0x0002ab83       0x22 CMakeFiles/Blinky.dir/src/main.c.obj
 .debug_macro   0x0002aba5       0x2e CMakeFiles/Blinky.dir/src/main.c.obj
 .debug_macro   0x0002abd3       0x2e CMakeFiles/Blinky.dir/src/main.c.obj
 .debug_macro   0x0002ac01       0x16 CMakeFiles/Blinky.dir/src/main.c.obj
 .debug_macro   0x0002ac17       0x16 CMakeFiles/Blinky.dir/src/main.c.obj
 .debug_macro   0x0002ac2d       0x16 CMakeFiles/Blinky.dir/src/main.c.obj
 .debug_macro   0x0002ac43       0x16 CMakeFiles/Blinky.dir/src/main.c.obj
 .debug_macro   0x0002ac59       0x16 CMakeFiles/Blinky.dir/src/main.c.obj
 .debug_macro   0x0002ac6f       0x1c CMakeFiles/Blinky.dir/src/main.c.obj
 .debug_macro   0x0002ac8b       0x16 CMakeFiles/Blinky.dir/src/main.c.obj
 .debug_macro   0x0002aca1       0x16 CMakeFiles/Blinky.dir/src/main.c.obj
 .debug_macro   0x0002acb7       0x16 CMakeFiles/Blinky.dir/src/main.c.obj
 .debug_macro   0x0002accd       0x16 CMakeFiles/Blinky.dir/src/main.c.obj
 .debug_macro   0x0002ace3       0x10 CMakeFiles/Blinky.dir/src/main.c.obj
 .debug_macro   0x0002acf3       0x4c CMakeFiles/Blinky.dir/src/main.c.obj
 .debug_macro   0x0002ad3f       0x4c CMakeFiles/Blinky.dir/src/main.c.obj
 .debug_macro   0x0002ad8b       0x22 CMakeFiles/Blinky.dir/src/main.c.obj
 .debug_macro   0x0002adad       0x10 CMakeFiles/Blinky.dir/src/main.c.obj
 .debug_macro   0x0002adbd       0x10 CMakeFiles/Blinky.dir/src/main.c.obj
 .debug_macro   0x0002adcd       0x10 CMakeFiles/Blinky.dir/src/main.c.obj
 .debug_macro   0x0002addd       0x10 CMakeFiles/Blinky.dir/src/main.c.obj
 .debug_macro   0x0002aded       0x16 CMakeFiles/Blinky.dir/src/main.c.obj
 .debug_macro   0x0002ae03       0x22 CMakeFiles/Blinky.dir/src/main.c.obj
 .debug_macro   0x0002ae25       0x22 CMakeFiles/Blinky.dir/src/main.c.obj
 .debug_macro   0x0002ae47       0x22 CMakeFiles/Blinky.dir/src/main.c.obj
 .debug_macro   0x0002ae69       0x10 CMakeFiles/Blinky.dir/src/main.c.obj
 .debug_macro   0x0002ae79       0x76 CMakeFiles/Blinky.dir/src/main.c.obj
 .debug_macro   0x0002aeef       0x76 CMakeFiles/Blinky.dir/src/main.c.obj
 .debug_macro   0x0002af65       0x76 CMakeFiles/Blinky.dir/src/main.c.obj
 .debug_macro   0x0002afdb       0x76 CMakeFiles/Blinky.dir/src/main.c.obj
 .debug_macro   0x0002b051       0x16 CMakeFiles/Blinky.dir/src/main.c.obj
 .debug_macro   0x0002b067       0x22 CMakeFiles/Blinky.dir/src/main.c.obj
 .debug_macro   0x0002b089       0x22 CMakeFiles/Blinky.dir/src/main.c.obj
 .debug_macro   0x0002b0ab       0x22 CMakeFiles/Blinky.dir/src/main.c.obj
 .debug_macro   0x0002b0cd       0x2e CMakeFiles/Blinky.dir/src/main.c.obj
 .debug_macro   0x0002b0fb       0x2e CMakeFiles/Blinky.dir/src/main.c.obj
 .debug_macro   0x0002b129       0x2e CMakeFiles/Blinky.dir/src/main.c.obj
 .debug_macro   0x0002b157       0x2e CMakeFiles/Blinky.dir/src/main.c.obj
 .debug_macro   0x0002b185       0x2e CMakeFiles/Blinky.dir/src/main.c.obj
 .debug_macro   0x0002b1b3       0x3a CMakeFiles/Blinky.dir/src/main.c.obj
 .debug_macro   0x0002b1ed       0x3a CMakeFiles/Blinky.dir/src/main.c.obj
 .debug_macro   0x0002b227       0x3a CMakeFiles/Blinky.dir/src/main.c.obj
 .debug_macro   0x0002b261       0x16 CMakeFiles/Blinky.dir/src/main.c.obj
 .debug_macro   0x0002b277       0x10 CMakeFiles/Blinky.dir/src/main.c.obj
 .debug_macro   0x0002b287       0x16 CMakeFiles/Blinky.dir/src/main.c.obj
 .debug_macro   0x0002b29d      0x4cd CMakeFiles/Blinky.dir/src/main.c.obj
 .debug_macro   0x0002b76a     0x2332 CMakeFiles/Blinky.dir/src/main.c.obj
 .debug_macro   0x0002da9c      0x154 CMakeFiles/Blinky.dir/src/main.c.obj
 .debug_macro   0x0002dbf0       0x52 CMakeFiles/Blinky.dir/src/main.c.obj
 .debug_macro   0x0002dc42       0x64 CMakeFiles/Blinky.dir/src/main.c.obj
 .debug_macro   0x0002dca6       0x18 CMakeFiles/Blinky.dir/src/main.c.obj
 .debug_macro   0x0002dcbe       0x35 CMakeFiles/Blinky.dir/src/main.c.obj
 .debug_macro   0x0002dcf3       0x34 CMakeFiles/Blinky.dir/src/main.c.obj
 .debug_macro   0x0002dd27      0x174 CMakeFiles/Blinky.dir/src/main.c.obj
 .debug_macro   0x0002de9b      0x341 CMakeFiles/Blinky.dir/src/main.c.obj
 .debug_macro   0x0002e1dc       0x10 CMakeFiles/Blinky.dir/src/main.c.obj
 .debug_macro   0x0002e1ec       0x16 CMakeFiles/Blinky.dir/src/main.c.obj
 .debug_macro   0x0002e202       0x43 CMakeFiles/Blinky.dir/src/main.c.obj
 .debug_macro   0x0002e245       0x34 CMakeFiles/Blinky.dir/src/main.c.obj
 .debug_macro   0x0002e279       0x1c CMakeFiles/Blinky.dir/src/main.c.obj
 .debug_macro   0x0002e295       0x52 CMakeFiles/Blinky.dir/src/main.c.obj
 .debug_macro   0x0002e2e7       0x22 CMakeFiles/Blinky.dir/src/main.c.obj
 .debug_macro   0x0002e309       0x10 CMakeFiles/Blinky.dir/src/main.c.obj
 .debug_macro   0x0002e319       0x52 CMakeFiles/Blinky.dir/src/main.c.obj
 .debug_macro   0x0002e36b       0xd5 CMakeFiles/Blinky.dir/src/main.c.obj
 .debug_macro   0x0002e440       0x1c CMakeFiles/Blinky.dir/src/main.c.obj
 .debug_macro   0x0002e45c       0x3d CMakeFiles/Blinky.dir/src/main.c.obj
 .debug_macro   0x0002e499       0x28 CMakeFiles/Blinky.dir/src/main.c.obj
 .debug_macro   0x0002e4c1       0x22 CMakeFiles/Blinky.dir/src/main.c.obj
 .debug_macro   0x0002e4e3      0x366 CMakeFiles/Blinky.dir/src/main.c.obj
 .debug_macro   0x0002e849       0x10 CMakeFiles/Blinky.dir/src/main.c.obj
 .debug_macro   0x0002e859      0x60c libmhc-gen-sysinit.a(initialization.c.obj)
 .debug_macro   0x0002ee65       0x9d libmhc-gen-sysinit.a(initialization.c.obj)
 .debug_macro   0x0002ef02       0x34 libmhc-gen-sysinit.a(initialization.c.obj)
 .debug_macro   0x0002ef36       0x28 libmhc-gen-sysinit.a(initialization.c.obj)
 .debug_macro   0x0002ef5e      0x5a8 libmhc-gen-plib.a(plib_clk.c.obj)
 .debug_macro   0x0002f506      0x619 libmhc-gen-plib.a(plib_efc.c.obj)
 .debug_macro   0x0002fb1f       0x5e libmhc-gen-plib.a(plib_efc.c.obj)
 .debug_macro   0x0002fb7d       0x94 libmhc-gen-plib.a(plib_efc.c.obj)
 .debug_macro   0x0002fc11       0x57 libmhc-gen-plib.a(plib_efc.c.obj)
 .debug_macro   0x0002fc68       0x10 libmhc-gen-plib.a(plib_efc.c.obj)
 .debug_macro   0x0002fc78       0x58 libmhc-gen-plib.a(plib_efc.c.obj)
 .debug_macro   0x0002fcd0      0x182 libmhc-gen-plib.a(plib_efc.c.obj)
 .debug_macro   0x0002fe52       0x10 libmhc-gen-plib.a(plib_efc.c.obj)
 .debug_macro   0x0002fe62       0x35 libmhc-gen-plib.a(plib_efc.c.obj)
 .debug_macro   0x0002fe97      0x5b2 libmhc-gen-plib.a(plib_nvic.c.obj)
 .debug_macro   0x00030449      0x5c2 libmhc-gen-plib.a(plib_pio.c.obj)
 .debug_macro   0x00030a0b      0x5c2 libmhc-gen-plib.a(plib_systick.c.obj)
 .debug_macro   0x00030fcd      0x477 C:/Users/iliaz/.conan2/p/b/samv7b0965e3ee186d/p/lib/startup_samv71q21b.c.obj

.debug_line     0x00000000     0x5b4f
 .debug_line    0x00000000      0xb4c CMakeFiles/Blinky.dir/src/main.c.obj
 .debug_line    0x00000b4c      0xd57 libmhc-gen-sysinit.a(initialization.c.obj)
 .debug_line    0x000018a3      0xa7e libmhc-gen-plib.a(plib_clk.c.obj)
 .debug_line    0x00002321      0xd3c libmhc-gen-plib.a(plib_efc.c.obj)
 .debug_line    0x0000305d      0xb0b libmhc-gen-plib.a(plib_nvic.c.obj)
 .debug_line    0x00003b68      0xbb8 libmhc-gen-plib.a(plib_pio.c.obj)
 .debug_line    0x00004720      0xc2a libmhc-gen-plib.a(plib_systick.c.obj)
 .debug_line    0x0000534a      0x805 C:/Users/iliaz/.conan2/p/b/samv7b0965e3ee186d/p/lib/startup_samv71q21b.c.obj

.debug_str      0x00000000   0x16e0ae
 .debug_str     0x00000000   0x16b7f0 CMakeFiles/Blinky.dir/src/main.c.obj
                             0x16c18f (size before relaxing)
 .debug_str     0x0016b7f0      0x2a6 libmhc-gen-sysinit.a(initialization.c.obj)
                             0x16c3a3 (size before relaxing)
 .debug_str     0x0016ba96      0x2dd libmhc-gen-plib.a(plib_clk.c.obj)
                             0x16b88a (size before relaxing)
 .debug_str     0x0016bd73     0x122f libmhc-gen-plib.a(plib_efc.c.obj)
                             0x16c8e5 (size before relaxing)
 .debug_str     0x0016cfa2      0x2c4 libmhc-gen-plib.a(plib_nvic.c.obj)
                             0x16b8e8 (size before relaxing)
 .debug_str     0x0016d266      0x44b libmhc-gen-plib.a(plib_pio.c.obj)
                             0x16c56d (size before relaxing)
 .debug_str     0x0016d6b1      0x2c9 libmhc-gen-plib.a(plib_systick.c.obj)
                             0x16b955 (size before relaxing)
 .debug_str     0x0016d97a      0x734 C:/Users/iliaz/.conan2/p/b/samv7b0965e3ee186d/p/lib/startup_samv71q21b.c.obj
                             0x169491 (size before relaxing)

.debug_frame    0x00000000      0x600
 .debug_frame   0x00000000       0x28 CMakeFiles/Blinky.dir/src/main.c.obj
 .debug_frame   0x00000028       0x28 libmhc-gen-sysinit.a(initialization.c.obj)
 .debug_frame   0x00000050       0x48 libmhc-gen-plib.a(plib_clk.c.obj)
 .debug_frame   0x00000098       0xc8 libmhc-gen-plib.a(plib_efc.c.obj)
 .debug_frame   0x00000160       0x50 libmhc-gen-plib.a(plib_nvic.c.obj)
 .debug_frame   0x000001b0       0xa0 libmhc-gen-plib.a(plib_pio.c.obj)
 .debug_frame   0x00000250      0x144 libmhc-gen-plib.a(plib_systick.c.obj)
 .debug_frame   0x00000394       0x38 C:/Users/iliaz/.conan2/p/b/samv7b0965e3ee186d/p/lib/startup_samv71q21b.c.obj
 .debug_frame   0x000003cc       0x28 c:/progra~2/gnuarm~1/102021~1.10/bin/../lib/gcc/arm-none-eabi/10.3.1/../../../../arm-none-eabi/lib/thumb/v7e-m/nofp\libg.a(lib_a-exit.o)
 .debug_frame   0x000003f4       0x2c c:/progra~2/gnuarm~1/102021~1.10/bin/../lib/gcc/arm-none-eabi/10.3.1/../../../../arm-none-eabi/lib/thumb/v7e-m/nofp\libg.a(lib_a-init.o)
 .debug_frame   0x00000420       0x2c c:/progra~2/gnuarm~1/102021~1.10/bin/../lib/gcc/arm-none-eabi/10.3.1/../../../../arm-none-eabi/lib/thumb/v7e-m/nofp\libg.a(lib_a-memset.o)
 .debug_frame   0x0000044c       0x5c c:/progra~2/gnuarm~1/102021~1.10/bin/../lib/gcc/arm-none-eabi/10.3.1/../../../../arm-none-eabi/lib/thumb/v7e-m/nofp\libg.a(lib_a-__call_atexit.o)
 .debug_frame   0x000004a8       0x20 c:/progra~2/gnuarm~1/102021~1.10/bin/../lib/gcc/arm-none-eabi/10.3.1/../../../../arm-none-eabi/lib/thumb/v7e-m/nofp\libg.a(lib_a-atexit.o)
 .debug_frame   0x000004c8       0x34 c:/progra~2/gnuarm~1/102021~1.10/bin/../lib/gcc/arm-none-eabi/10.3.1/../../../../arm-none-eabi/lib/thumb/v7e-m/nofp\libg.a(lib_a-fini.o)
 .debug_frame   0x000004fc       0xb0 c:/progra~2/gnuarm~1/102021~1.10/bin/../lib/gcc/arm-none-eabi/10.3.1/../../../../arm-none-eabi/lib/thumb/v7e-m/nofp\libg.a(lib_a-lock.o)
 .debug_frame   0x000005ac       0x34 c:/progra~2/gnuarm~1/102021~1.10/bin/../lib/gcc/arm-none-eabi/10.3.1/../../../../arm-none-eabi/lib/thumb/v7e-m/nofp\libg.a(lib_a-__atexit.o)
 .debug_frame   0x000005e0       0x20 c:/progra~2/gnuarm~1/102021~1.10/bin/../lib/gcc/arm-none-eabi/10.3.1/../../../../arm-none-eabi/lib/thumb/v7e-m/nofp\libnosys.a(_exit.o)
